{"sections":[],"kind":"symbol","schemaVersion":{"patch":0,"major":0,"minor":3},"metadata":{"title":"HPE_LF_EXPECTED","fragments":[{"text":"var","kind":"keyword"},{"text":" ","kind":"text"},{"text":"HPE_LF_EXPECTED","kind":"identifier"},{"kind":"text","text":": "},{"kind":"typeIdentifier","preciseIdentifier":"c:@E@http_errno","text":"http_errno"}],"role":"symbol","modules":[{"name":"MoneyKit"}],"externalID":"c:@E@http_errno@HPE_LF_EXPECTED","roleHeading":"Global Variable","symbolKind":"var"},"hierarchy":{"paths":[["doc:\/\/com.moneykit.link\/documentation\/MoneyKit"]]},"variants":[{"traits":[{"interfaceLanguage":"swift"}],"paths":["\/documentation\/moneykit\/hpe_lf_expected"]}],"primaryContentSections":[{"declarations":[{"languages":["swift"],"tokens":[{"kind":"keyword","text":"var"},{"kind":"text","text":" "},{"kind":"identifier","text":"HPE_LF_EXPECTED"},{"kind":"text","text":": "},{"kind":"typeIdentifier","identifier":"doc:\/\/com.moneykit.link\/documentation\/MoneyKit\/http_errno","text":"http_errno","preciseIdentifier":"c:@E@http_errno"},{"text":" { ","kind":"text"},{"text":"get","kind":"keyword"},{"kind":"text","text":" }"}],"platforms":["iOS"]}],"kind":"declarations"}],"identifier":{"url":"doc:\/\/com.moneykit.link\/documentation\/MoneyKit\/HPE_LF_EXPECTED","interfaceLanguage":"swift"},"references":{"doc://com.moneykit.link/documentation/MoneyKit/HPE_LF_EXPECTED":{"title":"HPE_LF_EXPECTED","fragments":[{"kind":"keyword","text":"var"},{"text":" ","kind":"text"},{"kind":"identifier","text":"HPE_LF_EXPECTED"},{"text":": ","kind":"text"},{"text":"http_errno","preciseIdentifier":"c:@E@http_errno","kind":"typeIdentifier"}],"role":"symbol","abstract":[],"type":"topic","kind":"symbol","identifier":"doc:\/\/com.moneykit.link\/documentation\/MoneyKit\/HPE_LF_EXPECTED","url":"\/documentation\/moneykit\/hpe_lf_expected"},"doc://com.moneykit.link/documentation/MoneyKit":{"identifier":"doc:\/\/com.moneykit.link\/documentation\/MoneyKit","url":"\/documentation\/moneykit","role":"collection","kind":"symbol","type":"topic","title":"MoneyKit","abstract":[{"type":"text","text":"Internet Money Magic"}]},"doc://com.moneykit.link/documentation/MoneyKit/http_errno":{"role":"symbol","abstract":[],"kind":"symbol","fragments":[{"kind":"keyword","text":"struct"},{"text":" ","kind":"text"},{"kind":"identifier","text":"http_errno"}],"title":"http_errno","type":"topic","navigatorTitle":[{"kind":"identifier","text":"http_errno"}],"url":"\/documentation\/moneykit\/http_errno","identifier":"doc:\/\/com.moneykit.link\/documentation\/MoneyKit\/http_errno"}}}